stm32f1xx_it.c:97:6:NMI_Handler	4	static
stm32f1xx_it.c:112:6:HardFault_Handler	4	static
stm32f1xx_it.c:127:6:MemManage_Handler	4	static
stm32f1xx_it.c:142:6:BusFault_Handler	4	static
stm32f1xx_it.c:157:6:UsageFault_Handler	4	static
stm32f1xx_it.c:172:6:SVC_Handler	4	static
stm32f1xx_it.c:185:6:DebugMon_Handler	4	static
stm32f1xx_it.c:198:6:PendSV_Handler	4	static
stm32f1xx_it.c:211:6:SysTick_Handler	8	static
stm32f1xx_it.c:232:6:EXTI0_IRQHandler	8	static
stm32f1xx_it.c:250:6:EXTI1_IRQHandler	8	static
stm32f1xx_it.c:264:6:EXTI2_IRQHandler	8	static
stm32f1xx_it.c:282:6:USB_LP_CAN1_RX0_IRQHandler	8	static
stm32f1xx_it.c:318:6:EXTI9_5_IRQHandler	8	static
stm32f1xx_it.c:332:6:TIM4_IRQHandler	8	static
